[   20688ms] [VERBOSE] [DOM] Input elements should have autocomplete attributes (suggested: "current-password"): (More info: https://goo.gl/9p2vKq) %o @ https://lims.ahri.gov.et/login:0
[   21758ms] [LOG] Service Worker registered with scope: https://lims.ahri.gov.et/ @ https://lims.ahri.gov.et/static/js/main.a7067efa.js:1
[   25583ms] [WARNING] single-spa minified message #1: See https://single-spa.js.org/error/?code=1 @ https://lims.ahri.gov.et/static/js/main.a7067efa.js:1
[   38795ms] [ERROR] Failed to load resource: the server responded with a status of 404 () @ https://lims.ahri.gov.et/OpenELIS-Global/rest/notification/pnconfig:0
[   38856ms] [INFO] Authenticated @ https://lims.ahri.gov.et/static/js/main.a7067efa.js:1
[   38856ms] [INFO] Access Allowed @ https://lims.ahri.gov.et/static/js/main.a7067efa.js:1
[   38883ms] [LOG] Service Worker registered with scope: https://lims.ahri.gov.et/ @ https://lims.ahri.gov.et/static/js/main.a7067efa.js:1
[   38898ms] [LOG] NotSubscribed @ https://lims.ahri.gov.et/static/js/main.a7067efa.js:1
[   39059ms] [ERROR] Failed to load resource: the server responded with a status of 404 () @ https://lims.ahri.gov.et/OpenELIS-Global/rest/notification/pnconfig:0
[   39061ms] [LOG] NotSubscribed @ https://lims.ahri.gov.et/static/js/main.a7067efa.js:1
[   39370ms] [LOG] reports @ https://lims.ahri.gov.et/static/js/main.a7067efa.js:1
[   39370ms] [LOG] reports @ https://lims.ahri.gov.et/static/js/main.a7067efa.js:1
[   39395ms] [LOG] reports @ https://lims.ahri.gov.et/static/js/main.a7067efa.js:1
[   39395ms] [LOG] reports @ https://lims.ahri.gov.et/static/js/main.a7067efa.js:1
[   39418ms] [LOG] reports @ https://lims.ahri.gov.et/static/js/main.a7067efa.js:1
[   39419ms] [LOG] reports @ https://lims.ahri.gov.et/static/js/main.a7067efa.js:1
[   39438ms] [LOG] reports @ https://lims.ahri.gov.et/static/js/main.a7067efa.js:1
[   39438ms] [LOG] reports @ https://lims.ahri.gov.et/static/js/main.a7067efa.js:1
[   39455ms] [LOG] reports @ https://lims.ahri.gov.et/static/js/main.a7067efa.js:1
[   39456ms] [LOG] reports @ https://lims.ahri.gov.et/static/js/main.a7067efa.js:1
[   39470ms] [LOG] reports @ https://lims.ahri.gov.et/static/js/main.a7067efa.js:1
[   39470ms] [LOG] reports @ https://lims.ahri.gov.et/static/js/main.a7067efa.js:1
[   39489ms] [LOG] reports @ https://lims.ahri.gov.et/static/js/main.a7067efa.js:1
[   39489ms] [LOG] reports @ https://lims.ahri.gov.et/static/js/main.a7067efa.js:1
[   39507ms] [LOG] reports @ https://lims.ahri.gov.et/static/js/main.a7067efa.js:1
[   39507ms] [LOG] reports @ https://lims.ahri.gov.et/static/js/main.a7067efa.js:1
[   39527ms] [LOG] reports @ https://lims.ahri.gov.et/static/js/main.a7067efa.js:1
[   39527ms] [LOG] reports @ https://lims.ahri.gov.et/static/js/main.a7067efa.js:1
[   39547ms] [LOG] reports @ https://lims.ahri.gov.et/static/js/main.a7067efa.js:1
[   39547ms] [LOG] reports @ https://lims.ahri.gov.et/static/js/main.a7067efa.js:1
[   39565ms] [LOG] reports @ https://lims.ahri.gov.et/static/js/main.a7067efa.js:1
[   39565ms] [LOG] reports @ https://lims.ahri.gov.et/static/js/main.a7067efa.js:1
[   39581ms] [LOG] reports @ https://lims.ahri.gov.et/static/js/main.a7067efa.js:1
[   39581ms] [LOG] reports @ https://lims.ahri.gov.et/static/js/main.a7067efa.js:1
[   39594ms] [LOG] reports @ https://lims.ahri.gov.et/static/js/main.a7067efa.js:1
[   39594ms] [LOG] reports @ https://lims.ahri.gov.et/static/js/main.a7067efa.js:1
[   39635ms] [LOG] reports @ https://lims.ahri.gov.et/static/js/main.a7067efa.js:1
[   39635ms] [LOG] reports @ https://lims.ahri.gov.et/static/js/main.a7067efa.js:1
[   39651ms] [LOG] reports @ https://lims.ahri.gov.et/static/js/main.a7067efa.js:1
[   39651ms] [LOG] reports @ https://lims.ahri.gov.et/static/js/main.a7067efa.js:1
[   39665ms] [LOG] reports @ https://lims.ahri.gov.et/static/js/main.a7067efa.js:1
[   39666ms] [LOG] reports @ https://lims.ahri.gov.et/static/js/main.a7067efa.js:1
[   39682ms] [LOG] reports @ https://lims.ahri.gov.et/static/js/main.a7067efa.js:1
[   39682ms] [LOG] reports @ https://lims.ahri.gov.et/static/js/main.a7067efa.js:1
[   39697ms] [LOG] reports @ https://lims.ahri.gov.et/static/js/main.a7067efa.js:1
[   39697ms] [LOG] reports @ https://lims.ahri.gov.et/static/js/main.a7067efa.js:1
[   39714ms] [LOG] reports @ https://lims.ahri.gov.et/static/js/main.a7067efa.js:1
[   39714ms] [LOG] reports @ https://lims.ahri.gov.et/static/js/main.a7067efa.js:1
[   39729ms] [LOG] reports @ https://lims.ahri.gov.et/static/js/main.a7067efa.js:1
[   39730ms] [LOG] reports @ https://lims.ahri.gov.et/static/js/main.a7067efa.js:1
[   39749ms] [LOG] reports @ https://lims.ahri.gov.et/static/js/main.a7067efa.js:1
[   39749ms] [LOG] reports @ https://lims.ahri.gov.et/static/js/main.a7067efa.js:1
[   39764ms] [LOG] reports @ https://lims.ahri.gov.et/static/js/main.a7067efa.js:1
[   39764ms] [LOG] reports @ https://lims.ahri.gov.et/static/js/main.a7067efa.js:1
[   39777ms] [LOG] reports @ https://lims.ahri.gov.et/static/js/main.a7067efa.js:1
[   39777ms] [LOG] reports @ https://lims.ahri.gov.et/static/js/main.a7067efa.js:1
[   39793ms] [LOG] reports @ https://lims.ahri.gov.et/static/js/main.a7067efa.js:1
[   39793ms] [LOG] reports @ https://lims.ahri.gov.et/static/js/main.a7067efa.js:1
[   39804ms] [LOG] reports @ https://lims.ahri.gov.et/static/js/main.a7067efa.js:1
[   39804ms] [LOG] reports @ https://lims.ahri.gov.et/static/js/main.a7067efa.js:1
[   39815ms] [LOG] reports @ https://lims.ahri.gov.et/static/js/main.a7067efa.js:1
[   39815ms] [LOG] reports @ https://lims.ahri.gov.et/static/js/main.a7067efa.js:1
[   39828ms] [LOG] reports @ https://lims.ahri.gov.et/static/js/main.a7067efa.js:1
[   39828ms] [LOG] reports @ https://lims.ahri.gov.et/static/js/main.a7067efa.js:1
[   39841ms] [LOG] reports @ https://lims.ahri.gov.et/static/js/main.a7067efa.js:1
[   39842ms] [LOG] reports @ https://lims.ahri.gov.et/static/js/main.a7067efa.js:1
[   39861ms] [LOG] reports @ https://lims.ahri.gov.et/static/js/main.a7067efa.js:1
[   39862ms] [LOG] reports @ https://lims.ahri.gov.et/static/js/main.a7067efa.js:1
[   39885ms] [LOG] reports @ https://lims.ahri.gov.et/static/js/main.a7067efa.js:1
[   39885ms] [LOG] reports @ https://lims.ahri.gov.et/static/js/main.a7067efa.js:1
[   39903ms] [LOG] reports @ https://lims.ahri.gov.et/static/js/main.a7067efa.js:1
[   39904ms] [LOG] reports @ https://lims.ahri.gov.et/static/js/main.a7067efa.js:1
[   39920ms] [LOG] reports @ https://lims.ahri.gov.et/static/js/main.a7067efa.js:1
[   39921ms] [LOG] reports @ https://lims.ahri.gov.et/static/js/main.a7067efa.js:1
[   39936ms] [LOG] reports @ https://lims.ahri.gov.et/static/js/main.a7067efa.js:1
[   39937ms] [LOG] reports @ https://lims.ahri.gov.et/static/js/main.a7067efa.js:1
[   39950ms] [LOG] reports @ https://lims.ahri.gov.et/static/js/main.a7067efa.js:1
[   39950ms] [LOG] reports @ https://lims.ahri.gov.et/static/js/main.a7067efa.js:1
[   39966ms] [LOG] reports @ https://lims.ahri.gov.et/static/js/main.a7067efa.js:1
[   39967ms] [LOG] reports @ https://lims.ahri.gov.et/static/js/main.a7067efa.js:1
[   39983ms] [LOG] reports @ https://lims.ahri.gov.et/static/js/main.a7067efa.js:1
[   39983ms] [LOG] reports @ https://lims.ahri.gov.et/static/js/main.a7067efa.js:1
[   39999ms] [LOG] reports @ https://lims.ahri.gov.et/static/js/main.a7067efa.js:1
[   39999ms] [LOG] reports @ https://lims.ahri.gov.et/static/js/main.a7067efa.js:1
[   40014ms] [LOG] reports @ https://lims.ahri.gov.et/static/js/main.a7067efa.js:1
[   40014ms] [LOG] reports @ https://lims.ahri.gov.et/static/js/main.a7067efa.js:1
[   40029ms] [LOG] reports @ https://lims.ahri.gov.et/static/js/main.a7067efa.js:1
[   40029ms] [LOG] reports @ https://lims.ahri.gov.et/static/js/main.a7067efa.js:1
[   40042ms] [LOG] reports @ https://lims.ahri.gov.et/static/js/main.a7067efa.js:1
[   40043ms] [LOG] reports @ https://lims.ahri.gov.et/static/js/main.a7067efa.js:1
[   40056ms] [LOG] reports @ https://lims.ahri.gov.et/static/js/main.a7067efa.js:1
[   40056ms] [LOG] reports @ https://lims.ahri.gov.et/static/js/main.a7067efa.js:1
[   40067ms] [LOG] reports @ https://lims.ahri.gov.et/static/js/main.a7067efa.js:1
[   40067ms] [LOG] reports @ https://lims.ahri.gov.et/static/js/main.a7067efa.js:1
[   40078ms] [LOG] reports @ https://lims.ahri.gov.et/static/js/main.a7067efa.js:1
[   40078ms] [LOG] reports @ https://lims.ahri.gov.et/static/js/main.a7067efa.js:1
[   40090ms] [LOG] reports @ https://lims.ahri.gov.et/static/js/main.a7067efa.js:1
[   40090ms] [LOG] reports @ https://lims.ahri.gov.et/static/js/main.a7067efa.js:1
[   40100ms] [LOG] reports @ https://lims.ahri.gov.et/static/js/main.a7067efa.js:1
[   40101ms] [LOG] reports @ https://lims.ahri.gov.et/static/js/main.a7067efa.js:1
[   40114ms] [LOG] reports @ https://lims.ahri.gov.et/static/js/main.a7067efa.js:1
[   40114ms] [LOG] reports @ https://lims.ahri.gov.et/static/js/main.a7067efa.js:1
[   40139ms] [LOG] reports @ https://lims.ahri.gov.et/static/js/main.a7067efa.js:1
[   40140ms] [LOG] reports @ https://lims.ahri.gov.et/static/js/main.a7067efa.js:1
[   40151ms] [LOG] reports @ https://lims.ahri.gov.et/static/js/main.a7067efa.js:1
[   40151ms] [LOG] reports @ https://lims.ahri.gov.et/static/js/main.a7067efa.js:1
[   40164ms] [LOG] reports @ https://lims.ahri.gov.et/static/js/main.a7067efa.js:1
[   40164ms] [LOG] reports @ https://lims.ahri.gov.et/static/js/main.a7067efa.js:1
[   40180ms] [LOG] reports @ https://lims.ahri.gov.et/static/js/main.a7067efa.js:1
[   40180ms] [LOG] reports @ https://lims.ahri.gov.et/static/js/main.a7067efa.js:1
[   40195ms] [LOG] reports @ https://lims.ahri.gov.et/static/js/main.a7067efa.js:1
[   40195ms] [LOG] reports @ https://lims.ahri.gov.et/static/js/main.a7067efa.js:1
[   40209ms] [LOG] reports @ https://lims.ahri.gov.et/static/js/main.a7067efa.js:1
[   40210ms] [LOG] reports @ https://lims.ahri.gov.et/static/js/main.a7067efa.js:1
[   40228ms] [LOG] reports @ https://lims.ahri.gov.et/static/js/main.a7067efa.js:1
[   40228ms] [LOG] reports @ https://lims.ahri.gov.et/static/js/main.a7067efa.js:1
[   40245ms] [LOG] reports @ https://lims.ahri.gov.et/static/js/main.a7067efa.js:1
[   40245ms] [LOG] reports @ https://lims.ahri.gov.et/static/js/main.a7067efa.js:1
[   40260ms] [LOG] reports @ https://lims.ahri.gov.et/static/js/main.a7067efa.js:1
[   40261ms] [LOG] reports @ https://lims.ahri.gov.et/static/js/main.a7067efa.js:1
[   40278ms] [LOG] reports @ https://lims.ahri.gov.et/static/js/main.a7067efa.js:1
[   40279ms] [LOG] reports @ https://lims.ahri.gov.et/static/js/main.a7067efa.js:1
[   40295ms] [LOG] reports @ https://lims.ahri.gov.et/static/js/main.a7067efa.js:1
[   40296ms] [LOG] reports @ https://lims.ahri.gov.et/static/js/main.a7067efa.js:1
[   40312ms] [LOG] reports @ https://lims.ahri.gov.et/static/js/main.a7067efa.js:1
[   40312ms] [LOG] reports @ https://lims.ahri.gov.et/static/js/main.a7067efa.js:1
[   40330ms] [LOG] reports @ https://lims.ahri.gov.et/static/js/main.a7067efa.js:1
[   40330ms] [LOG] reports @ https://lims.ahri.gov.et/static/js/main.a7067efa.js:1
[   40349ms] [LOG] reports @ https://lims.ahri.gov.et/static/js/main.a7067efa.js:1
[   40349ms] [LOG] reports @ https://lims.ahri.gov.et/static/js/main.a7067efa.js:1
[   40375ms] [LOG] reports @ https://lims.ahri.gov.et/static/js/main.a7067efa.js:1
[   40376ms] [LOG] reports @ https://lims.ahri.gov.et/static/js/main.a7067efa.js:1
[   40389ms] [LOG] reports @ https://lims.ahri.gov.et/static/js/main.a7067efa.js:1
[   40390ms] [LOG] reports @ https://lims.ahri.gov.et/static/js/main.a7067efa.js:1
[   40404ms] [LOG] reports @ https://lims.ahri.gov.et/static/js/main.a7067efa.js:1
[   40404ms] [LOG] reports @ https://lims.ahri.gov.et/static/js/main.a7067efa.js:1
[   40418ms] [LOG] reports @ https://lims.ahri.gov.et/static/js/main.a7067efa.js:1
[   40418ms] [LOG] reports @ https://lims.ahri.gov.et/static/js/main.a7067efa.js:1
[   40432ms] [LOG] reports @ https://lims.ahri.gov.et/static/js/main.a7067efa.js:1
[   40432ms] [LOG] reports @ https://lims.ahri.gov.et/static/js/main.a7067efa.js:1
[   40446ms] [LOG] reports @ https://lims.ahri.gov.et/static/js/main.a7067efa.js:1
[   40447ms] [LOG] reports @ https://lims.ahri.gov.et/static/js/main.a7067efa.js:1
[   40460ms] [LOG] reports @ https://lims.ahri.gov.et/static/js/main.a7067efa.js:1
[   40461ms] [LOG] reports @ https://lims.ahri.gov.et/static/js/main.a7067efa.js:1
[   40472ms] [LOG] reports @ https://lims.ahri.gov.et/static/js/main.a7067efa.js:1
[   40472ms] [LOG] reports @ https://lims.ahri.gov.et/static/js/main.a7067efa.js:1
[   40483ms] [LOG] reports @ https://lims.ahri.gov.et/static/js/main.a7067efa.js:1
[   40483ms] [LOG] reports @ https://lims.ahri.gov.et/static/js/main.a7067efa.js:1
[   40495ms] [LOG] reports @ https://lims.ahri.gov.et/static/js/main.a7067efa.js:1
[   40495ms] [LOG] reports @ https://lims.ahri.gov.et/static/js/main.a7067efa.js:1
[   40506ms] [LOG] reports @ https://lims.ahri.gov.et/static/js/main.a7067efa.js:1
[   40506ms] [LOG] reports @ https://lims.ahri.gov.et/static/js/main.a7067efa.js:1
[   40516ms] [LOG] reports @ https://lims.ahri.gov.et/static/js/main.a7067efa.js:1
[   40516ms] [LOG] reports @ https://lims.ahri.gov.et/static/js/main.a7067efa.js:1
[   40528ms] [LOG] reports @ https://lims.ahri.gov.et/static/js/main.a7067efa.js:1
[   40529ms] [LOG] reports @ https://lims.ahri.gov.et/static/js/main.a7067efa.js:1
[   40540ms] [LOG] reports @ https://lims.ahri.gov.et/static/js/main.a7067efa.js:1
[   40540ms] [LOG] reports @ https://lims.ahri.gov.et/static/js/main.a7067efa.js:1
[   40552ms] [LOG] reports @ https://lims.ahri.gov.et/static/js/main.a7067efa.js:1
[   40552ms] [LOG] reports @ https://lims.ahri.gov.et/static/js/main.a7067efa.js:1
[   40566ms] [LOG] reports @ https://lims.ahri.gov.et/static/js/main.a7067efa.js:1
[   40566ms] [LOG] reports @ https://lims.ahri.gov.et/static/js/main.a7067efa.js:1
[   40579ms] [LOG] reports @ https://lims.ahri.gov.et/static/js/main.a7067efa.js:1
[   40579ms] [LOG] reports @ https://lims.ahri.gov.et/static/js/main.a7067efa.js:1
[   40593ms] [LOG] reports @ https://lims.ahri.gov.et/static/js/main.a7067efa.js:1
[   40593ms] [LOG] reports @ https://lims.ahri.gov.et/static/js/main.a7067efa.js:1
[   40605ms] [LOG] reports @ https://lims.ahri.gov.et/static/js/main.a7067efa.js:1
[   40605ms] [LOG] reports @ https://lims.ahri.gov.et/static/js/main.a7067efa.js:1
[   40616ms] [LOG] reports @ https://lims.ahri.gov.et/static/js/main.a7067efa.js:1
[   40616ms] [LOG] reports @ https://lims.ahri.gov.et/static/js/main.a7067efa.js:1
[   40629ms] [LOG] reports @ https://lims.ahri.gov.et/static/js/main.a7067efa.js:1
[   40629ms] [LOG] reports @ https://lims.ahri.gov.et/static/js/main.a7067efa.js:1
[   40642ms] [LOG] reports @ https://lims.ahri.gov.et/static/js/main.a7067efa.js:1
[   40642ms] [LOG] reports @ https://lims.ahri.gov.et/static/js/main.a7067efa.js:1
[   40653ms] [LOG] reports @ https://lims.ahri.gov.et/static/js/main.a7067efa.js:1
[   40654ms] [LOG] reports @ https://lims.ahri.gov.et/static/js/main.a7067efa.js:1
[   40666ms] [LOG] reports @ https://lims.ahri.gov.et/static/js/main.a7067efa.js:1
[   40666ms] [LOG] reports @ https://lims.ahri.gov.et/static/js/main.a7067efa.js:1
[   40678ms] [LOG] reports @ https://lims.ahri.gov.et/static/js/main.a7067efa.js:1
[   40678ms] [LOG] reports @ https://lims.ahri.gov.et/static/js/main.a7067efa.js:1
[   40690ms] [LOG] reports @ https://lims.ahri.gov.et/static/js/main.a7067efa.js:1
[   40690ms] [LOG] reports @ https://lims.ahri.gov.et/static/js/main.a7067efa.js:1
[   40700ms] [LOG] reports @ https://lims.ahri.gov.et/static/js/main.a7067efa.js:1
[   40700ms] [LOG] reports @ https://lims.ahri.gov.et/static/js/main.a7067efa.js:1
[   40712ms] [LOG] reports @ https://lims.ahri.gov.et/static/js/main.a7067efa.js:1
[   40713ms] [LOG] reports @ https://lims.ahri.gov.et/static/js/main.a7067efa.js:1
[   40725ms] [LOG] reports @ https://lims.ahri.gov.et/static/js/main.a7067efa.js:1
[   40725ms] [LOG] reports @ https://lims.ahri.gov.et/static/js/main.a7067efa.js:1
[   40737ms] [LOG] reports @ https://lims.ahri.gov.et/static/js/main.a7067efa.js:1
[   40738ms] [LOG] reports @ https://lims.ahri.gov.et/static/js/main.a7067efa.js:1
[   40750ms] [LOG] reports @ https://lims.ahri.gov.et/static/js/main.a7067efa.js:1
[   40750ms] [LOG] reports @ https://lims.ahri.gov.et/static/js/main.a7067efa.js:1
[   40765ms] [LOG] reports @ https://lims.ahri.gov.et/static/js/main.a7067efa.js:1
[   40765ms] [LOG] reports @ https://lims.ahri.gov.et/static/js/main.a7067efa.js:1
[   40778ms] [LOG] reports @ https://lims.ahri.gov.et/static/js/main.a7067efa.js:1
[   40779ms] [LOG] reports @ https://lims.ahri.gov.et/static/js/main.a7067efa.js:1
[   40794ms] [LOG] reports @ https://lims.ahri.gov.et/static/js/main.a7067efa.js:1
[   40794ms] [LOG] reports @ https://lims.ahri.gov.et/static/js/main.a7067efa.js:1
[   40825ms] [LOG] reports @ https://lims.ahri.gov.et/static/js/main.a7067efa.js:1
[   40826ms] [LOG] reports @ https://lims.ahri.gov.et/static/js/main.a7067efa.js:1
[   40848ms] [LOG] reports @ https://lims.ahri.gov.et/static/js/main.a7067efa.js:1
[   40848ms] [LOG] reports @ https://lims.ahri.gov.et/static/js/main.a7067efa.js:1
[   40864ms] [LOG] reports @ https://lims.ahri.gov.et/static/js/main.a7067efa.js:1
[   40864ms] [LOG] reports @ https://lims.ahri.gov.et/static/js/main.a7067efa.js:1
[   40880ms] [LOG] reports @ https://lims.ahri.gov.et/static/js/main.a7067efa.js:1
[   40881ms] [LOG] reports @ https://lims.ahri.gov.et/static/js/main.a7067efa.js:1
[   40898ms] [LOG] reports @ https://lims.ahri.gov.et/static/js/main.a7067efa.js:1
[   40898ms] [LOG] reports @ https://lims.ahri.gov.et/static/js/main.a7067efa.js:1
[   40913ms] [LOG] reports @ https://lims.ahri.gov.et/static/js/main.a7067efa.js:1
[   40913ms] [LOG] reports @ https://lims.ahri.gov.et/static/js/main.a7067efa.js:1
[   40939ms] [LOG] reports @ https://lims.ahri.gov.et/static/js/main.a7067efa.js:1
[   40940ms] [LOG] reports @ https://lims.ahri.gov.et/static/js/main.a7067efa.js:1
[   40966ms] [LOG] reports @ https://lims.ahri.gov.et/static/js/main.a7067efa.js:1
[   40966ms] [LOG] reports @ https://lims.ahri.gov.et/static/js/main.a7067efa.js:1
[   41006ms] [LOG] reports @ https://lims.ahri.gov.et/static/js/main.a7067efa.js:1
[   41006ms] [LOG] reports @ https://lims.ahri.gov.et/static/js/main.a7067efa.js:1
[   41019ms] [LOG] reports @ https://lims.ahri.gov.et/static/js/main.a7067efa.js:1
[   41019ms] [LOG] reports @ https://lims.ahri.gov.et/static/js/main.a7067efa.js:1
[   41032ms] [LOG] reports @ https://lims.ahri.gov.et/static/js/main.a7067efa.js:1
[   41032ms] [LOG] reports @ https://lims.ahri.gov.et/static/js/main.a7067efa.js:1
[   41043ms] [LOG] reports @ https://lims.ahri.gov.et/static/js/main.a7067efa.js:1
[   41044ms] [LOG] reports @ https://lims.ahri.gov.et/static/js/main.a7067efa.js:1
[   41054ms] [LOG] reports @ https://lims.ahri.gov.et/static/js/main.a7067efa.js:1
[   41054ms] [LOG] reports @ https://lims.ahri.gov.et/static/js/main.a7067efa.js:1
[   41064ms] [LOG] reports @ https://lims.ahri.gov.et/static/js/main.a7067efa.js:1
[   41064ms] [LOG] reports @ https://lims.ahri.gov.et/static/js/main.a7067efa.js:1
[   41075ms] [LOG] reports @ https://lims.ahri.gov.et/static/js/main.a7067efa.js:1
[   41075ms] [LOG] reports @ https://lims.ahri.gov.et/static/js/main.a7067efa.js:1
[   41085ms] [LOG] reports @ https://lims.ahri.gov.et/static/js/main.a7067efa.js:1
[   41085ms] [LOG] reports @ https://lims.ahri.gov.et/static/js/main.a7067efa.js:1
[   41096ms] [LOG] reports @ https://lims.ahri.gov.et/static/js/main.a7067efa.js:1
[   41097ms] [LOG] reports @ https://lims.ahri.gov.et/static/js/main.a7067efa.js:1
[   41108ms] [LOG] reports @ https://lims.ahri.gov.et/static/js/main.a7067efa.js:1
[   41108ms] [LOG] reports @ https://lims.ahri.gov.et/static/js/main.a7067efa.js:1
[   41117ms] [LOG] reports @ https://lims.ahri.gov.et/static/js/main.a7067efa.js:1
[   41117ms] [LOG] reports @ https://lims.ahri.gov.et/static/js/main.a7067efa.js:1
[   41128ms] [LOG] reports @ https://lims.ahri.gov.et/static/js/main.a7067efa.js:1
[   41129ms] [LOG] reports @ https://lims.ahri.gov.et/static/js/main.a7067efa.js:1
[   41141ms] [LOG] reports @ https://lims.ahri.gov.et/static/js/main.a7067efa.js:1
[   41141ms] [LOG] reports @ https://lims.ahri.gov.et/static/js/main.a7067efa.js:1
[   41150ms] [LOG] reports @ https://lims.ahri.gov.et/static/js/main.a7067efa.js:1
[   41150ms] [LOG] reports @ https://lims.ahri.gov.et/static/js/main.a7067efa.js:1
[   41162ms] [LOG] reports @ https://lims.ahri.gov.et/static/js/main.a7067efa.js:1
[   41162ms] [LOG] reports @ https://lims.ahri.gov.et/static/js/main.a7067efa.js:1
[   41174ms] [LOG] reports @ https://lims.ahri.gov.et/static/js/main.a7067efa.js:1
[   41174ms] [LOG] reports @ https://lims.ahri.gov.et/static/js/main.a7067efa.js:1
[   41183ms] [LOG] reports @ https://lims.ahri.gov.et/static/js/main.a7067efa.js:1
[   41184ms] [LOG] reports @ https://lims.ahri.gov.et/static/js/main.a7067efa.js:1
[   41196ms] [LOG] reports @ https://lims.ahri.gov.et/static/js/main.a7067efa.js:1
[   41196ms] [LOG] reports @ https://lims.ahri.gov.et/static/js/main.a7067efa.js:1
[   41208ms] [LOG] reports @ https://lims.ahri.gov.et/static/js/main.a7067efa.js:1
[   41208ms] [LOG] reports @ https://lims.ahri.gov.et/static/js/main.a7067efa.js:1
[   41219ms] [LOG] reports @ https://lims.ahri.gov.et/static/js/main.a7067efa.js:1
[   41219ms] [LOG] reports @ https://lims.ahri.gov.et/static/js/main.a7067efa.js:1
[   41233ms] [LOG] reports @ https://lims.ahri.gov.et/static/js/main.a7067efa.js:1
[   41233ms] [LOG] reports @ https://lims.ahri.gov.et/static/js/main.a7067efa.js:1
[   41246ms] [LOG] reports @ https://lims.ahri.gov.et/static/js/main.a7067efa.js:1
[   41246ms] [LOG] reports @ https://lims.ahri.gov.et/static/js/main.a7067efa.js:1
[   41259ms] [LOG] reports @ https://lims.ahri.gov.et/static/js/main.a7067efa.js:1
[   41259ms] [LOG] reports @ https://lims.ahri.gov.et/static/js/main.a7067efa.js:1
[   41274ms] [LOG] reports @ https://lims.ahri.gov.et/static/js/main.a7067efa.js:1
[   41274ms] [LOG] reports @ https://lims.ahri.gov.et/static/js/main.a7067efa.js:1
[   41284ms] [LOG] reports @ https://lims.ahri.gov.et/static/js/main.a7067efa.js:1
[   41284ms] [LOG] reports @ https://lims.ahri.gov.et/static/js/main.a7067efa.js:1
[   41297ms] [LOG] reports @ https://lims.ahri.gov.et/static/js/main.a7067efa.js:1
[   41297ms] [LOG] reports @ https://lims.ahri.gov.et/static/js/main.a7067efa.js:1
[   41310ms] [LOG] reports @ https://lims.ahri.gov.et/static/js/main.a7067efa.js:1
[   41310ms] [LOG] reports @ https://lims.ahri.gov.et/static/js/main.a7067efa.js:1
[   41321ms] [LOG] reports @ https://lims.ahri.gov.et/static/js/main.a7067efa.js:1
[   41321ms] [LOG] reports @ https://lims.ahri.gov.et/static/js/main.a7067efa.js:1
[   41333ms] [LOG] reports @ https://lims.ahri.gov.et/static/js/main.a7067efa.js:1
[   41333ms] [LOG] reports @ https://lims.ahri.gov.et/static/js/main.a7067efa.js:1
[   41345ms] [LOG] reports @ https://lims.ahri.gov.et/static/js/main.a7067efa.js:1
[   41346ms] [LOG] reports @ https://lims.ahri.gov.et/static/js/main.a7067efa.js:1
[   41357ms] [LOG] reports @ https://lims.ahri.gov.et/static/js/main.a7067efa.js:1
[   41358ms] [LOG] reports @ https://lims.ahri.gov.et/static/js/main.a7067efa.js:1
[   41367ms] [LOG] reports @ https://lims.ahri.gov.et/static/js/main.a7067efa.js:1
[   41368ms] [LOG] reports @ https://lims.ahri.gov.et/static/js/main.a7067efa.js:1
[   41380ms] [LOG] reports @ https://lims.ahri.gov.et/static/js/main.a7067efa.js:1
[   41380ms] [LOG] reports @ https://lims.ahri.gov.et/static/js/main.a7067efa.js:1
[   41393ms] [LOG] reports @ https://lims.ahri.gov.et/static/js/main.a7067efa.js:1
[   41393ms] [LOG] reports @ https://lims.ahri.gov.et/static/js/main.a7067efa.js:1
[   41405ms] [LOG] reports @ https://lims.ahri.gov.et/static/js/main.a7067efa.js:1
[   41406ms] [LOG] reports @ https://lims.ahri.gov.et/static/js/main.a7067efa.js:1
[   41416ms] [LOG] reports @ https://lims.ahri.gov.et/static/js/main.a7067efa.js:1
[   41416ms] [LOG] reports @ https://lims.ahri.gov.et/static/js/main.a7067efa.js:1
[   41429ms] [LOG] reports @ https://lims.ahri.gov.et/static/js/main.a7067efa.js:1
[   41429ms] [LOG] reports @ https://lims.ahri.gov.et/static/js/main.a7067efa.js:1
[   41440ms] [LOG] reports @ https://lims.ahri.gov.et/static/js/main.a7067efa.js:1
[   41440ms] [LOG] reports @ https://lims.ahri.gov.et/static/js/main.a7067efa.js:1
[   41450ms] [LOG] reports @ https://lims.ahri.gov.et/static/js/main.a7067efa.js:1
[   41450ms] [LOG] reports @ https://lims.ahri.gov.et/static/js/main.a7067efa.js:1
[   41463ms] [LOG] reports @ https://lims.ahri.gov.et/static/js/main.a7067efa.js:1
[   41463ms] [LOG] reports @ https://lims.ahri.gov.et/static/js/main.a7067efa.js:1
[   41487ms] [LOG] reports @ https://lims.ahri.gov.et/static/js/main.a7067efa.js:1
[   41487ms] [LOG] reports @ https://lims.ahri.gov.et/static/js/main.a7067efa.js:1
[   41498ms] [LOG] reports @ https://lims.ahri.gov.et/static/js/main.a7067efa.js:1
[   41498ms] [LOG] reports @ https://lims.ahri.gov.et/static/js/main.a7067efa.js:1
[   41511ms] [LOG] reports @ https://lims.ahri.gov.et/static/js/main.a7067efa.js:1
[   41512ms] [LOG] reports @ https://lims.ahri.gov.et/static/js/main.a7067efa.js:1
[   41524ms] [LOG] reports @ https://lims.ahri.gov.et/static/js/main.a7067efa.js:1
[   41525ms] [LOG] reports @ https://lims.ahri.gov.et/static/js/main.a7067efa.js:1
[   41536ms] [LOG] reports @ https://lims.ahri.gov.et/static/js/main.a7067efa.js:1
[   41537ms] [LOG] reports @ https://lims.ahri.gov.et/static/js/main.a7067efa.js:1
[   41549ms] [LOG] reports @ https://lims.ahri.gov.et/static/js/main.a7067efa.js:1
[   41549ms] [LOG] reports @ https://lims.ahri.gov.et/static/js/main.a7067efa.js:1
[   43677ms] [WARNING] single-spa minified message #1: See https://single-spa.js.org/error/?code=1 @ https://lims.ahri.gov.et/static/js/main.a7067efa.js:1
