[    4329ms] [INFO] %cDownload the React DevTools for a better development experience: https://reactjs.org/link/react-devtools font-weight:bold @ https://localhost:3000/static/js/bundle.js:180160
[    5116ms] [VERBOSE] [DOM] Input elements should have autocomplete attributes (suggested: "current-password"): (More info: https://goo.gl/9p2vKq) %o @ https://localhost:3000/login:0
[    6075ms] [ERROR] Access to fetch at 'https://localhost:8443/OpenELIS-Global/LoginPage' (redirected from 'https://localhost:3000/OpenELIS-Global/rest/notification/pnconfig') from origin 'https://localhost:3000' has been blocked by CORS policy: No 'Access-Control-Allow-Origin' header is present on the requested resource. @ https://localhost:3000/login:0
[    6077ms] [ERROR] Failed to load resource: net::ERR_FAILED @ https://localhost:8443/OpenELIS-Global/LoginPage:0
[    6331ms] [ERROR] Access to fetch at 'https://localhost:8443/OpenELIS-Global/LoginPage' (redirected from 'https://localhost:3000/OpenELIS-Global/rest/properties') from origin 'https://localhost:3000' has been blocked by CORS policy: No 'Access-Control-Allow-Origin' header is present on the requested resource. @ https://localhost:3000/login:0
[    6331ms] [ERROR] Failed to load resource: net::ERR_FAILED @ https://localhost:8443/OpenELIS-Global/LoginPage:0
[    6512ms] [ERROR] Access to fetch at 'https://localhost:8443/OpenELIS-Global/LoginPage' (redirected from 'https://localhost:3000/OpenELIS-Global/rest/notifications') from origin 'https://localhost:3000' has been blocked by CORS policy: No 'Access-Control-Allow-Origin' header is present on the requested resource. @ https://localhost:3000/login:0
[    6512ms] [ERROR] Failed to load resource: net::ERR_FAILED @ https://localhost:8443/OpenELIS-Global/LoginPage:0
[    6673ms] [ERROR] Access to fetch at 'https://localhost:8443/OpenELIS-Global/LoginPage' (redirected from 'https://localhost:3000/OpenELIS-Global/rest/properties') from origin 'https://localhost:3000' has been blocked by CORS policy: No 'Access-Control-Allow-Origin' header is present on the requested resource. @ https://localhost:3000/login:0
[    6674ms] [ERROR] Failed to load resource: net::ERR_FAILED @ https://localhost:8443/OpenELIS-Global/LoginPage:0
[    6759ms] [ERROR] Access to fetch at 'https://localhost:8443/OpenELIS-Global/LoginPage' (redirected from 'https://localhost:3000/OpenELIS-Global/rest/properties') from origin 'https://localhost:3000' has been blocked by CORS policy: No 'Access-Control-Allow-Origin' header is present on the requested resource. @ https://localhost:3000/login:0
[    6759ms] [ERROR] Failed to load resource: net::ERR_FAILED @ https://localhost:8443/OpenELIS-Global/LoginPage:0
[    6863ms] [ERROR] Access to fetch at 'https://localhost:8443/OpenELIS-Global/LoginPage' (redirected from 'https://localhost:3000/OpenELIS-Global/rest/properties') from origin 'https://localhost:3000' has been blocked by CORS policy: No 'Access-Control-Allow-Origin' header is present on the requested resource. @ https://localhost:3000/login:0
[    6865ms] [ERROR] Failed to load resource: net::ERR_FAILED @ https://localhost:8443/OpenELIS-Global/LoginPage:0
[    6963ms] [ERROR] Access to fetch at 'https://localhost:8443/OpenELIS-Global/LoginPage' (redirected from 'https://localhost:3000/OpenELIS-Global/rest/notification/pnconfig') from origin 'https://localhost:3000' has been blocked by CORS policy: No 'Access-Control-Allow-Origin' header is present on the requested resource. @ https://localhost:3000/login:0
[    6967ms] [ERROR] Failed to load resource: net::ERR_FAILED @ https://localhost:8443/OpenELIS-Global/LoginPage:0
[    7093ms] [ERROR] Access to fetch at 'https://localhost:8443/OpenELIS-Global/LoginPage' (redirected from 'https://localhost:3000/OpenELIS-Global/rest/properties') from origin 'https://localhost:3000' has been blocked by CORS policy: No 'Access-Control-Allow-Origin' header is present on the requested resource. @ https://localhost:3000/login:0
[    7094ms] [ERROR] Failed to load resource: net::ERR_FAILED @ https://localhost:8443/OpenELIS-Global/LoginPage:0
[    7256ms] [ERROR] Access to fetch at 'https://localhost:8443/OpenELIS-Global/LoginPage' (redirected from 'https://localhost:3000/OpenELIS-Global/rest/properties') from origin 'https://localhost:3000' has been blocked by CORS policy: No 'Access-Control-Allow-Origin' header is present on the requested resource. @ https://localhost:3000/login:0
[    7258ms] [ERROR] Failed to load resource: net::ERR_FAILED @ https://localhost:8443/OpenELIS-Global/LoginPage:0
[    9737ms] [WARNING] single-spa minified message #1: See https://single-spa.js.org/error/?code=1 @ https://localhost:3000/static/js/bundle.js:191814
[   20117ms] [INFO] %cDownload the React DevTools for a better development experience: https://reactjs.org/link/react-devtools font-weight:bold @ https://localhost:3000/static/js/bundle.js:180160
[   21035ms] [ERROR] Failed to load resource: the server responded with a status of 404 (Not Found) @ https://localhost:3000/OpenELIS-Global/rest/notification/pnconfig:0
[   21278ms] [INFO] Authenticated @ https://localhost:3000/static/js/bundle.js:739469
[   21279ms] [INFO] Access Allowed @ https://localhost:3000/static/js/bundle.js:739471
[   25450ms] [WARNING] single-spa minified message #1: See https://single-spa.js.org/error/?code=1 @ https://localhost:3000/static/js/bundle.js:191814
