[    4380ms] [INFO] %cDownload the React DevTools for a better development experience: https://reactjs.org/link/react-devtools font-weight:bold @ https://localhost:3000/static/js/bundle.js:180160
[    5653ms] [INFO] %cDownload the React DevTools for a better development experience: https://reactjs.org/link/react-devtools font-weight:bold @ https://localhost:3000/static/js/bundle.js:180160
[    6409ms] [VERBOSE] [DOM] Input elements should have autocomplete attributes (suggested: "current-password"): (More info: https://goo.gl/9p2vKq) %o @ https://localhost:3000/login:0
[    6775ms] [ERROR] Access to fetch at 'https://localhost:8443/OpenELIS-Global/LoginPage' (redirected from 'https://localhost:3000/OpenELIS-Global/rest/notification/pnconfig') from origin 'https://localhost:3000' has been blocked by CORS policy: No 'Access-Control-Allow-Origin' header is present on the requested resource. @ https://localhost:3000/login:0
[    6776ms] [ERROR] Failed to load resource: net::ERR_FAILED @ https://localhost:8443/OpenELIS-Global/LoginPage:0
[    6802ms] [ERROR] Access to fetch at 'https://localhost:8443/OpenELIS-Global/LoginPage' (redirected from 'https://localhost:3000/OpenELIS-Global/rest/notifications') from origin 'https://localhost:3000' has been blocked by CORS policy: No 'Access-Control-Allow-Origin' header is present on the requested resource. @ https://localhost:3000/login:0
[    6802ms] [ERROR] Failed to load resource: net::ERR_FAILED @ https://localhost:8443/OpenELIS-Global/LoginPage:0
[    6867ms] [ERROR] Access to fetch at 'https://localhost:8443/OpenELIS-Global/LoginPage' (redirected from 'https://localhost:3000/OpenELIS-Global/rest/properties') from origin 'https://localhost:3000' has been blocked by CORS policy: No 'Access-Control-Allow-Origin' header is present on the requested resource. @ https://localhost:3000/login:0
[    6867ms] [ERROR] Failed to load resource: net::ERR_FAILED @ https://localhost:8443/OpenELIS-Global/LoginPage:0
[    7026ms] [ERROR] Access to fetch at 'https://localhost:8443/OpenELIS-Global/LoginPage' (redirected from 'https://localhost:3000/OpenELIS-Global/rest/properties') from origin 'https://localhost:3000' has been blocked by CORS policy: No 'Access-Control-Allow-Origin' header is present on the requested resource. @ https://localhost:3000/login:0
[    7026ms] [ERROR] Failed to load resource: net::ERR_FAILED @ https://localhost:8443/OpenELIS-Global/LoginPage:0
[    7115ms] [ERROR] Access to fetch at 'https://localhost:8443/OpenELIS-Global/LoginPage' (redirected from 'https://localhost:3000/OpenELIS-Global/rest/properties') from origin 'https://localhost:3000' has been blocked by CORS policy: No 'Access-Control-Allow-Origin' header is present on the requested resource. @ https://localhost:3000/login:0
[    7115ms] [ERROR] Failed to load resource: net::ERR_FAILED @ https://localhost:8443/OpenELIS-Global/LoginPage:0
[    7193ms] [ERROR] Access to fetch at 'https://localhost:8443/OpenELIS-Global/LoginPage' (redirected from 'https://localhost:3000/OpenELIS-Global/rest/notification/pnconfig') from origin 'https://localhost:3000' has been blocked by CORS policy: No 'Access-Control-Allow-Origin' header is present on the requested resource. @ https://localhost:3000/login:0
[    7194ms] [ERROR] Failed to load resource: net::ERR_FAILED @ https://localhost:8443/OpenELIS-Global/LoginPage:0
[    7322ms] [ERROR] Access to fetch at 'https://localhost:8443/OpenELIS-Global/LoginPage' (redirected from 'https://localhost:3000/OpenELIS-Global/rest/properties') from origin 'https://localhost:3000' has been blocked by CORS policy: No 'Access-Control-Allow-Origin' header is present on the requested resource. @ https://localhost:3000/login:0
[    7323ms] [ERROR] Failed to load resource: net::ERR_FAILED @ https://localhost:8443/OpenELIS-Global/LoginPage:0
[    7412ms] [ERROR] Access to fetch at 'https://localhost:8443/OpenELIS-Global/LoginPage' (redirected from 'https://localhost:3000/OpenELIS-Global/rest/properties') from origin 'https://localhost:3000' has been blocked by CORS policy: No 'Access-Control-Allow-Origin' header is present on the requested resource. @ https://localhost:3000/login:0
[    7412ms] [ERROR] Failed to load resource: net::ERR_FAILED @ https://localhost:8443/OpenELIS-Global/LoginPage:0
[    7493ms] [ERROR] Access to fetch at 'https://localhost:8443/OpenELIS-Global/LoginPage' (redirected from 'https://localhost:3000/OpenELIS-Global/rest/properties') from origin 'https://localhost:3000' has been blocked by CORS policy: No 'Access-Control-Allow-Origin' header is present on the requested resource. @ https://localhost:3000/login:0
[    7493ms] [ERROR] Failed to load resource: net::ERR_FAILED @ https://localhost:8443/OpenELIS-Global/LoginPage:0
[   10936ms] [WARNING] single-spa minified message #1: See https://single-spa.js.org/error/?code=1 @ https://localhost:3000/static/js/bundle.js:191814
[   78171ms] [ERROR] WebSocket connection to 'wss://localhost:3000/ws' failed: Error in connection establishment: net::ERR_CONNECTION_REFUSED @ https://localhost:3000/static/js/bundle.js:194359
[   80190ms] [ERROR] WebSocket connection to 'wss://localhost:3000/ws' failed: Error in connection establishment: net::ERR_CONNECTION_REFUSED @ https://localhost:3000/static/js/bundle.js:194359
[   84229ms] [ERROR] WebSocket connection to 'wss://localhost:3000/ws' failed: Error in connection establishment: net::ERR_CONNECTION_REFUSED @ https://localhost:3000/static/js/bundle.js:194359
